// Jest Snapshot v1, https://goo.gl/fbAQLP

exports[`renders product detail view renders correctly 1`] = `
<View
  collapsable={false}
  pointerEvents="box-none"
  style={
    Object {
      "flex": 1,
    }
  }
>
  <RCTSafeAreaView
    emulateUnlessSupported={true}
    style={
      Object {
        "flex": 1,
        "margin": 10,
      }
    }
  >
    <View>
      <Image
        resizeMode="center"
        source={
          Object {
            "uri": "https://cdn-img.prettylittlething.com/3/6/5/a/365a5d1dce6a2b77b564379b302c9d83afccf33b_cmd2051_1.jpg?imwidth=1024",
          }
        }
        style={
          Object {
            "height": 400,
          }
        }
      />
      <View
        style={
          Array [
            Object {
              "alignItems": "center",
              "flexDirection": "row",
              "justifyContent": "space-between",
              "paddingLeft": 16,
            },
            Object {
              "minHeight": 72,
            },
            undefined,
          ]
        }
      >
        <View
          style={
            Array [
              Object {
                "flex": 1,
                "flexDirection": "column",
                "justifyContent": "center",
              },
            ]
          }
        >
          <Text
            numberOfLines={2}
            style={
              Array [
                Object {
                  "color": "#000000",
                  "fontFamily": "System",
                  "fontWeight": "400",
                },
                Object {
                  "textAlign": "left",
                },
                Array [
                  Object {
                    "textAlign": "left",
                  },
                  Object {
                    "color": "rgba(0, 0, 0, 0.87)",
                    "fontFamily": "System",
                    "fontWeight": "500",
                    "writingDirection": "ltr",
                  },
                  Array [
                    Object {
                      "fontSize": 20,
                      "letterSpacing": 0.15,
                      "lineHeight": 30,
                      "marginVertical": 2,
                    },
                    Array [
                      Object {
                        "minHeight": 30,
                      },
                      Object {
                        "marginBottom": 0,
                      },
                      Object {
                        "fontSize": 14,
                      },
                    ],
                  ],
                ],
              ]
            }
          >
            Stone Ribbed Strappy Cut Out Detail Bodycon Dress
          </Text>
          <Text
            numberOfLines={1}
            style={
              Array [
                Object {
                  "color": "#000000",
                  "fontFamily": "System",
                  "fontWeight": "400",
                },
                Object {
                  "textAlign": "left",
                },
                Array [
                  Object {
                    "textAlign": "left",
                  },
                  Object {
                    "color": "rgba(0, 0, 0, 0.54)",
                    "fontFamily": "System",
                    "fontWeight": "400",
                    "writingDirection": "ltr",
                  },
                  Array [
                    Object {
                      "fontSize": 12,
                      "letterSpacing": 0.4,
                      "lineHeight": 20,
                      "marginVertical": 2,
                    },
                    Array [
                      Object {
                        "marginVertical": 0,
                        "minHeight": 20,
                      },
                      undefined,
                    ],
                  ],
                ],
              ]
            }
          >
            Colour: Stone
          </Text>
        </View>
        <View
          style={
            Object {
              "paddingRight": 20,
            }
          }
        >
          <Text
            style={
              Array [
                Object {
                  "color": "#000000",
                  "fontFamily": "System",
                  "fontWeight": "400",
                },
                Object {
                  "textAlign": "left",
                },
                Array [
                  Object {
                    "textAlign": "left",
                  },
                  Object {
                    "color": "rgba(0, 0, 0, 0.87)",
                    "fontFamily": "System",
                    "fontWeight": "500",
                    "writingDirection": "ltr",
                  },
                  Array [
                    Object {
                      "fontSize": 20,
                      "letterSpacing": 0.15,
                      "lineHeight": 30,
                      "marginVertical": 2,
                    },
                    undefined,
                  ],
                ],
              ]
            }
          >
            Â£
            4
          </Text>
        </View>
      </View>
      <View
        style={
          Object {
            "backgroundColor": "#6200ee",
            "borderColor": "transparent",
            "borderRadius": 4,
            "borderStyle": "solid",
            "borderWidth": 0,
            "elevation": 2,
            "minWidth": 64,
            "shadowColor": "#000000",
            "shadowOffset": Object {
              "height": 0.75,
              "width": 0,
            },
            "shadowOpacity": 0.24,
            "shadowRadius": 1.5,
          }
        }
      >
        <View
          accessibilityRole="button"
          accessibilityState={
            Object {
              "disabled": false,
            }
          }
          accessible={true}
          focusable={true}
          onClick={[Function]}
          onResponderGrant={[Function]}
          onResponderMove={[Function]}
          onResponderRelease={[Function]}
          onResponderTerminate={[Function]}
          onResponderTerminationRequest={[Function]}
          onStartShouldSetResponder={[Function]}
          style={
            Array [
              Object {
                "overflow": "hidden",
              },
              Object {
                "borderRadius": 4,
              },
            ]
          }
          testID="addCartButton"
        >
          <View
            style={
              Array [
                Object {
                  "alignItems": "center",
                  "flexDirection": "row",
                  "justifyContent": "center",
                },
                undefined,
              ]
            }
          >
            <Text
              numberOfLines={1}
              selectable={false}
              style={
                Array [
                  Object {
                    "color": "#000000",
                    "fontFamily": "System",
                    "fontWeight": "400",
                  },
                  Object {
                    "textAlign": "left",
                  },
                  Array [
                    Object {
                      "letterSpacing": 1,
                      "marginHorizontal": 16,
                      "marginVertical": 9,
                      "textAlign": "center",
                    },
                    undefined,
                    Object {
                      "textTransform": "uppercase",
                    },
                    Object {
                      "color": "#ffffff",
                      "fontFamily": "System",
                      "fontWeight": "500",
                    },
                    Object {
                      "fontFamily": "System",
                      "fontWeight": "500",
                    },
                    undefined,
                  ],
                ]
              }
            >
              ADD TO CART
            </Text>
          </View>
        </View>
      </View>
    </View>
  </RCTSafeAreaView>
</View>
`;
